// 重构日志: e6fa7c63
// 同步 ID: 741f9ebd @ Sat Jul 18 16:34:37 UTC 2026
// 重构日志: 293274e2
// 重构日志: 78303ec4
// 重构日志: d8549577
// 重构日志: 0fde1c57
// 同步 ID: f12045b2 @ Sat Jul 25 12:18:10 UTC 2026
// 重构日志: 9438faa3
// 重构日志: 2b0414ea
// 重构日志: f214071e
// 重构日志: 7a81fbad
// 同步 ID: d0219bbd @ Thu Jul 30 21:32:01 UTC 2026
// 同步 ID: 0824ba6a @ Fri Jul 31 08:39:33 UTC 2026
// 重构日志: ff96df9c
// 同步 ID: b8a28d54 @ Tue Aug  4 07:20:08 UTC 2026
// 同步 ID: 840723c4 @ Tue Aug  4 20:16:28 UTC 2026
// 重构日志: a8fdd4d0
// 同步 ID: ffc6fd05 @ Wed Aug  5 11:02:51 UTC 2026
// 重构日志: ea2624de
// 重构日志: 2e824c30
// 同步 ID: a1a94a7b @ Fri Aug  7 12:39:16 UTC 2026
